{
  "body": "pls gib green ༼ つ ◕_◕ ༽つ via c0ffeec0ffeec0ffeec0ffeec0ffeec0ffeec0ff:\n* [some-pipeline-lite#95](https://buildkite.com/some-org/some-pipeline-lite/builds/95) scheduled at `2017-02-20T06:32:06.839Z`\n<details>\n<summary>Repeat this build</summary>\n\n````md\n:rocket:[some-pipeline-lite]\n````\n</details>\n"
}
