{
  "commit": "c0ffeec0ffeec0ffeec0ffeec0ffeec0ffeec0ffeec0ffe",
  "branch": "some-user/test-gh",
  "message": "On-demand build for branch \"some-user/test-gh\" requested by @some-user from PR #1111111",
  "ignore_pipeline_branch_filters": true,
  "author": { "name": "Some User", "email": "some-user@some-domain.com" },
  "env": {
    "BUILDKITE_PULL_REQUEST": "1111111",
    "BUILDKITE_PULL_REQUEST_BASE_BRANCH": "master",
    "BUILDKITE_PULL_REQUEST_REPO": "git@github.com:some-org/some-repo.git",
    "GH_CONTROL_BUILD": "true",
    "GH_CONTROL_GITHUB_USER": "some-user",
    "GH_CONTROL_GITHUB_USER_EMAIL": "some-user@some-domain.com",
    "GH_CONTROL_GITHUB_USER_NAME": "Some User",
    "GH_CONTROL_PR_NUMBER": "1111111",
    "GH_CONTROL_GITHUB_TRIGGER_COMMENT_URL": "https://api.github.com/repos/some-org/some-repo/pulls/comments/1111111",
    "GH_CONTROL_PR_TITLE": "Update README.md",
    "GH_CONTROL_PR_BASE_BRANCH": "master",
    "GH_CONTROL_PR_BASE_REPO": "some-org/some-repo"
  }
}
