{
  "body": "pls gib green ༼ つ ◕_◕ ༽つ via c0ffeec0ffeec0ffeec0ffeec0ffeec0ffeec0ffeec0ffe:\n* [some-pipeline-lite#100](https://buildkite.com/some-org/some-pipeline-lite/builds/100) scheduled at `2017-02-20T07:28:14.300Z`\n<details>\n<summary>Repeat this build</summary>\n\n````md\n:rocket:[some-pipeline-lite]\n````\n</details>\n"
}
